{"ev":"ledger","step":1,"outcome":"ok","div_dyadic":280096,"div_nondyadic":171360,"div_wide":0,"distinct":152,"max_div_bits":21,"dp_bits_distinct_step":2441,"dp_bits_distinct_cum":2441,"dp_bits_all_step":2143120,"dp_bits_all_cum":2143120}
{"ev":"ledger","step":2,"outcome":"ok","div_dyadic":214240,"div_nondyadic":237216,"div_wide":0,"distinct":175,"max_div_bits":21,"dp_bits_distinct_step":2812,"dp_bits_distinct_cum":5253,"dp_bits_all_step":2672476,"dp_bits_all_cum":4815596}
{"ev":"ledger","step":3,"outcome":"ok","div_dyadic":214240,"div_nondyadic":237216,"div_wide":0,"distinct":175,"max_div_bits":22,"dp_bits_distinct_step":2841,"dp_bits_distinct_cum":8094,"dp_bits_all_step":3167972,"dp_bits_all_cum":7983568}
{"ev":"ledger","step":4,"outcome":"ok","div_dyadic":214272,"div_nondyadic":237184,"div_wide":0,"distinct":170,"max_div_bits":22,"dp_bits_distinct_step":2764,"dp_bits_distinct_cum":10858,"dp_bits_all_step":3266769,"dp_bits_all_cum":11250337}
{"ev":"ledger","step":5,"outcome":"ok","div_dyadic":214304,"div_nondyadic":237152,"div_wide":0,"distinct":164,"max_div_bits":23,"dp_bits_distinct_step":2671,"dp_bits_distinct_cum":13529,"dp_bits_all_step":3430792,"dp_bits_all_cum":14681129}
{"ev":"ledger","step":6,"outcome":"ok","div_dyadic":214336,"div_nondyadic":237120,"div_wide":0,"distinct":161,"max_div_bits":23,"dp_bits_distinct_step":2635,"dp_bits_distinct_cum":16164,"dp_bits_all_step":3529743,"dp_bits_all_cum":18210872}
{"ev":"ledger","step":7,"outcome":"ok","div_dyadic":214400,"div_nondyadic":237056,"div_wide":0,"distinct":157,"max_div_bits":23,"dp_bits_distinct_step":2599,"dp_bits_distinct_cum":18763,"dp_bits_all_step":3660726,"dp_bits_all_cum":21871598}
{"ev":"ledger","step":8,"outcome":"ok","div_dyadic":214400,"div_nondyadic":237056,"div_wide":0,"distinct":156,"max_div_bits":26,"dp_bits_distinct_step":2569,"dp_bits_distinct_cum":21332,"dp_bits_all_step":3759440,"dp_bits_all_cum":25631038}
== anchor2 trace [MODULUS EXHAUSTED] ==
  0   run_anchor2_ledger                  0x0000000100733224 _ZN2ax2nn2ib7anchor22rx10trace_siteEPKc + 60
  1   run_anchor2_ledger                  0x0000000100731910 _ZNK2ax2nn2ib7anchor22rx15reconstruct_ratEPKc + 468
  2   run_anchor2_ledger                  0x0000000100737594 _ZNK2ax2nn2ib7anchor22rx10floor_declEv + 1540
  3   run_anchor2_ledger                  0x0000000100736ef0 _ZNK2ax2nn2ib7anchor22rxcvxEv + 24
  4   run_anchor2_ledger                  0x0000000100736c50 _ZN2ax2nn2ib4core6narrowIxNS1_7anchor22rxEEET_T0_ + 244
  5   run_anchor2_ledger                  0x0000000100733e48 _ZN2ax2nn2ib4core7rms_fwdINS1_7anchor22rxES5_NS4_6Exact2EEENSt3__16vectorIT_NS7_9allocatorIS9_EEEERKSC_SE_RNS8_IxNSA_IxEEEEiiS9_x + 476
  6   run_anchor2_ledger                  0x000000010072b3e4 _ZN2ax2nn2ib4core8fwd_headINS1_7anchor22rxES5_NS4_6Exact2EEENSt3__16vectorIT_NS7_9allocatorIS9_EEEERKNS7_3mapINS7_12basic_stringIcNS7_11char_traitsIcEENSA_IcEEEESC_NS7_4lessISI_EENSA_INS7_4pairIKSI_SC_EEEEEERKSC_RNS2_7cache_tIS9_EERKNS2_3envIS9_EE + 140
  7   run_anchor2_ledger                  0x00000001007264f4 _ZN2ax2nn2ib4core10birth_implINS1_7anchor22rxES5_NS4_6Exact2EE9step_onceEv + 1240
  8   run_anchor2_ledger                  0x0000000100721748 main + 3988
  9   dyld                                0x0000000190c6dd54 start + 7184
{"ev":"ledger","step":9,"outcome":"throw","div_dyadic":59560,"div_nondyadic":5696,"div_wide":0,"distinct":92,"max_div_bits":21,"dp_bits_distinct_step":1639,"dp_bits_distinct_cum":22971,"dp_bits_all_step":102976,"dp_bits_all_cum":25734014}
step 9 threw: anchor2: modulus exhausted (site floor w=1 lo_bits=16384 e=-16342)
EXIT:134
